# OpenOffice.org Language Pack Alpha
# Version 15.08.2003
# For constructive criticism mailto:cmarkgraf@openoffice.org

# IMPORTANT!
# OO.o 1.1beta and later will load all wordbooks into memory.
# This will decrease the performance radical.
# Ensure to enable only needed wordbooks.
# To enable a language remove the "# " at the beginning of the line.

# spelling
#
# bg_BG.zip
# ca_ES.zip
# cs_CZ.zip
# da_DK.zip
# de_CH.zip
# de_DE.zip
# de_OLDSPELL.zip (not activated)
# el_GR-enhanced.zip (alternative el_GR.zip?)
# en_AU.zip
# en_CA.zip
# en_GB.zip
# en_NZ.zip
# en_US.zip (included in OO.o)
# es_ES.zip
# fr_FR.zip
# ga_IE.zip (not supported. As a hack, you can associate it with an other language)
# gl_ES.zip (not supported. As a hack, you can associate it with an other language)
# hr_HR.zip
# hu_HU.zip
# ia.zip
# it_IT.zip
# la.zip    (not full supported)
# lt_LT.zip
# ms_MY.zip ( no ms_MY.aff in zip file?)
# nb_NO.zip
# nl_NL.zip
# nn_NO.zip
# pl_PL.zip
# pt_BR.zip
# pt_PT.zip
# ru_RU.zip
# ru_RU_io.zip
# ru_RU_ie.zip
# sk_SK.zip
# sl_SL.zip
# sv_SE.zip
# uk_UA.zip

# settings

# Bulgarian (Bulgaria)
# DICT bg BG bg_BG

# Catalan (Spain)
# DICT ca ES ca_ES

# Czech (Czech Republic)
# DICT cs CZ cs_CZ

# Danish (Denmark)
DICT da DK da_DK

# Deutsche Rechtschreibung - neue Rechtschreibung aktiviert.
# Zum aktivieren der alten deutschen Rechtschreibung
# fügen Sie am Zeilenanfang der folgenden "DICT de" Eintraege
# jeweils eine Raute (#) ein um die neue deutsche Rechtschreibung
# zu deaktivieren.

# German (Germany)
DICT de DE de_DE

# German (Austria)
DICT de AT de_AT

# German (Austria)
DICT de AT de_DE

# German (Switzerland)
DICT de CH de_CH

# German (Liechtenstein)
DICT de LI de_CH

# German (Luxembourg)
DICT de LU de_DE

# Alte deutsche Rechtschreibung.
# Jetzt entfernen Sie bitte die Raute (#) und das folgende Leerzeichen
# vor den "DICT de" Eintraegen unterhalb um die alte deutsche
# Rechtschreibung zu aktivieren und speichern die Datei.

# German (Germany)
DICT de DE de_OLDSPELL

# German (Austria)
DICT de AT de_OLDSPELL

# German (Switzerland)
DICT de CH de_CH

# German (Liechtenstein)
DICT de LI de_CH

# German (Luxembourg)
DICT de LU de_OLDSPELL

# Ende der deutschen Rechtschreibung.

# Greek (Greece)
DICT el GR el_GR

# English (Australia)
DICT en AU en_AU

# English (Belize)
DICT en BZ en_GB

# English (Canada)
DICT en CA en_CA

# English (United Kingdom)
DICT en GB en_GB

# English (Ireland)
DICT en IE en_GB

# English (Jamaica)
DICT en JM en_GB

# English (New Zealand)
DICT en NZ en_NZ

# English (Philippines)
DICT en PH en_GB

# English (South Africa)
DICT en ZA en_GB

# English (Trinidad and Tobago)
DICT en TT en_GB

# English (United States)
DICT en US en_US

# English (Zimbabwe)
DICT en ZW en_GB

# Spanish (Spain)
DICT es ES es_ES

# Spanish (Argentina)
DICT es AR es_ES

# Spanish (Bolivia)
DICT es BO es_ES

# Spanish (Chile)
DICT es CL es_ES

Spanish (Costa Rica)
DICT es CR es_ES

# Spanish (Dominican Republic)
DICT es DO es_ES

# Spanish (El Salvador)
DICT es SV es_ES

# Spanish (Ecuador)
DICT es EC es_ES

# Spanish (Guatemala)
DICT es GT es_ES

# Spanish (Honduras)
DICT es HN es_ES

# Spanish (Colombia)
DICT es CO es_ES

# Spanish (Mexico)
DICT es MX es_ES

# Spanish (Nicaragua)
DICT es NI es_ES

# Spanish (Panama)
DICT es PA es_ES

# Spanish (Paraguay)
DICT es PY es_ES

# Spanish (Peru)
DICT es PE es_ES

# Spanish (Puerto Rico)
DICT es PR es_ES

# Spanish (Uruguay)
DICT es UY es_ES

# Spanish (Venezuela)
DICT es VE es_ES

# French (France)
DICT fr FR fr_FR

# French (Belgium)
DICT fr BE fr_FR

# French (Canada)
DICT fr CA fr_FR

# French (Luxembourg)
DICT fr LU fr_FR

# French (Monaco)
DICT fr MC fr_FR

# French (Switzerland)
DICT fr CH fr_FR

# Interlingua (no country code)
# DICT it IT ia
# DICT sv SE ia

# Irish (Ireland)
# DICT ga IE ga_IE

# Galician (Spain)
# DICT gl ES gl_ES

# Croatian (Croatia) - local name Hrvatska
# DICT hr HR hr_HR

# Hungarian (Hungary)
# DICT hu HU hu_HU

# Italian (Italy)
DICT it IT it_IT

# Italian (Switzerland)
# DICT it CH it_IT

# Lithuanian (Lithuania)
# DICT lt LT lt_LT

# Latin (no country code)
# DICT la ANY la

# Malay (Malaysia)
# DICT ms MY ms_MY

# Malay (Brunei Darussalam)
# DICT ms BN ms_MY

# Norwegian Bokmaal (Norway)
# DICT nb NO nb_NO

# Dutch (Netherlands)
DICT nl NL nl_NL

# Dutch (Belgium)
DICT nl BE nl_NL

# Norwegian Nynorsk (Norway)
# DICT nn NO nn_NO

# Polish (Poland)
DICT pl PL pl_PL

# Portuguese (Brazil)
DICT pt BR pt_BR

# Portuguese (Portugal)
# DICT pt PT pt_PT

# Russian (Russia)
DICT ru RU ru_RU

# Russian (Russia)
DICT ru RU ru_RU_io

# Russian (Russia)
DICT ru RU ru_RU_ie

# Slovak (Slovakia)
# DICT sk SK sk_SK

# Slovenian (Slovenia)
# DICT sl SI sl_SI

# Swedish (Sweden)
DICT sv SE sv_SE

# Swedish (Finland)
DICT sv FI sv_SE

# Ukrainian (Ukraine)
# DICT uk UA uk_UA

# hyphenation
#
# hyph_cs.zip
# hyph_da_DK.zip (included in OO.o)
# hype_de_DE.zip (included in OO.o, all other hyph_de* are clones)
# hype_de_OLDSPELL.zip (not activated)
# hype_en.zip (included in OO.o, all other hyph_en* are clones)
# hyph_es.zip
# hyph_fr.zip
# hype_hu.zip
# hype_it.zip
# hype_nl.zip
# hype_pt.zip (all other hyph_pt* are clones)
# hype_ru.zip (included in OO.o)
# hyph_sk.zip (error in README_hyph_sk.txt: "HYPH sk DK hyph_da")
# hyph_sl.zip
# hyph_sv_SE.zip
# hyph_uk.zip

# settings

# Czech (Czech Republic)
# HYPH cs CZ hyph_cs

# Danish (Denmark)
HYPH da DK hyph_da

# Deutsche Silbentrennung - neue Silbentrennung aktiviert.
# Zum aktivieren der alten deutschen Silbentrennung
# fügen Sie am Zeilenanfang der folgenden "HYPH de" Eintraege
# jeweils eine Raute (#) ein um die neue deutsche Silbentrennung
# zu deaktivieren.

# German (Germany)
HYPH de DE hyph_de

# German (Austria)
HYPH de AT hyph_de

# German (Switzerland)
HYPH de CH hyph_de

# German (Liechtenstein)
HYPH de LI hyph_de

# German (Luxembourg)
HYPH de LU hyph_de

# Alte deutsche Silbentrennung.
# Jetzt entfernen Sie bitte die Raute (#) und das folgende Leerzeichen
# vor den "HYPE de" Eintraegen unterhalb um die alte deutsche
# Silbentrennung zu aktivieren und speichern die Datei.

# German (Germany)
HYPH de DE hyph_de_OLDSPELL

# German (Austria)
HYPH de AT hyph_de_OLDSPELL

# German (Switzerland)
HYPH de CH hyph_de_OLDSPELL

# German (Liechtenstein)
HYPH de LI hyph_de_OLDSPELL

# German (Luxembourg)
HYPH de LU hyph_de_OLDSPELL

# Ende der deutschen Silbentrennung.

# English (Australia)
HYPH en AU hyph_en

# English (Belize)
HYPH en BZ hyph_en

# English (Canada)
HYPH en CA hyph_en

# English (United Kingdom)
HYPH en GB hyph_en

# English (Ireland)
HYPH en IE hyph_en

# English (Jamaica)
HYPH en JM hyph_en

# English (New Zealand)
HYPH en NZ hyph_en

# English (Philippines)
HYPH en PH hyph_en

# English (South Africa)
HYPH en ZA hyph_en

# English (Trinidad and Tobago)
HYPH en TT hyph_en

# English (Zimbabwe)
HYPH en ZW hyph_en

# English (United States)
HYPH en US hyph_en

# Spanish (Argentina)
HYPH es AR hyph_es

# Spanish (Bolivia)
HYPH es BO hyph_es

# Spanish (Chile)
HYPH es CL hyph_es

# Spanish (Costa Rica)
HYPH es CR hyph_es

# Spanish (Dominican Republic)
HYPH es DO hyph_es

# Spanish (El Salvador)
HYPH es SV hyph_es

# Spanish (Ecuador)
HYPH es EC hyph_es

# Spanish (Guatemala)
HYPH es GT hyph_es

# Spanish (Honduras)
HYPH es HN hyph_es

# Spanish (Colombia)
HYPH es CO hyph_es

# Spanish (Mexico)
HYPH es MX hyph_es

# Spanish (Nicaragua)
HYPH es NI hyph_es

# Spanish (Panama)
HYPH es PA hyph_es

# Spanish (Paraguay)
HYPH es PY hyph_es

# Spanish (Peru)
HYPH es PE hyph_es

# Spanish (Puerto Rico)
HYPH es PR hyph_es

# Spanish (Spain)
HYPH es ES hyph_es

# Spanish (Uruguay)
HYPH es UY hyph_es

# Spanish (Venezuela)
HYPH es VE hyph_es

# French (France)
HYPH fr FR hyph_fr

# French (Belgium)
HYPH fr BE hyph_fr

# French (Canada)
HYPH fr CA hyph_fr

# French (Luxembourg)
HYPH fr LU hyph_fr

# French (Monaco)
HYPH fr MC hyph_fr

# French (Switzerland)
HYPH fr CH hyph_fr

# Italian (Italy)
HYPH it IT hyph_it

# Italian (Switzerland)
HYPH it CH hyph_it

# Dutch (Netherlands)
HYPH nl NL hyph_nl

# Dutch (Belgium)
HYPH nl BE hyph_nl

# Hungarian (Hungary)
# HYPH hu HU hyph_hu

# Portuguese (Portugal)
HYPH pt PT hyph_pt

# Portuguese (Brazil)
HYPH pt BR hyph_pt

# Russian (Russia)
# HYPH ru RU hyph_ru

# Slovak (Slovakia)
# HYPH sk SK hyph_sk

# Slovenian (Slovenia)
# HYPH sl SI hyph_sl

# Swedish (Sweden)
HYPH sv SE hyph_sv_SE

# Swedish (Finland)
HYPH sv FI hyph_sv_SE

# Ukrainian (Ukraine)
# HYPH uk UA hyph_uk



# Thesaurus
#
# thes_de_DE.zip
# thes_fr_FR.zip
# thes_ro_RO.zip
# English Thesaurus is included in OO.o

# settings

# German (Germany)
THES de DE th_de_DE

# German (Austria)
THES de AT th_de_DE

# German (Switzerland)
THES de CH th_de_DE

# German (Liechtenstein)
THES de LI th_de_DE

# German (Luxembourg)
THES de LU th_de_DE

# English (Australia)
THES en AU th_en_US

# English (Canada)
THES en CA th_en_US

# English (Belize)
THES en BZ th_en_US

# English (United Kingdom)
THES en GB th_en_US

# English (Ireland)
THES en IE th_en_US

# English (Jamaica)
THES en JM th_en_US

# English (New Zealand)
THES en NZ th_en_US

# English (Philippines)
THES en PH th_en_US

# English (South Africa)
THES en ZA th_en_US

# English (Trinidad and Tobago)
THES en TT th_en_US

# English (United States)
THES en US th_en_US

# English (Zimbabwe)
THES en ZW th_en_US

# French (France)
THES fr FR th_fr_FR

# French (Belgium)
THES fr BE th_fr_FR

# French (Canada)
THES fr CA th_fr_FR

# French (Luxembourg)
THES fr LU th_fr_FR

# French (Monaco)
THES fr MC th_fr_FR

# French (Switzerland)
THES fr CH th_fr_FR

# Rumänisch (Rumänien)
# THES ro RO th_ro_RO

