oa	offapi	:	udkapi idlc solenv NULL
oa	offapi\com\sun\star\beans			nmake   -   all oa_cssbeans NULL
oa	offapi\com\sun\star\chart			nmake   -   all oa_csschart NULL
oa	offapi\com\sun\star\chart2			nmake   -   all oa_csschart2 NULL
oa	offapi\com\sun\star\chart2\data		nmake   -   all oa_csschart2data NULL
oa	offapi\com\sun\star\drawing			nmake   -   all oa_cssdrawing NULL
oa	offapi\com\sun\star\graphic			nmake   -   all oa_cssgraphic NULL
oa	offapi\com\sun\star\office			nmake   -   all oa_cssoffice NULL
oa	offapi\com\sun\star\script\vba		nmake   -   all oa_cssscriptvba NULL
oa	offapi\com\sun\star\sheet			nmake   -   all oa_csssheet NULL
oa	offapi\com\sun\star\table			nmake   -   all oa_csstable NULL
oa	offapi\com\sun\star\task			nmake	-	all oa_csstask NULL
oa	offapi\com\sun\star\text			nmake	-	all oa_csstext NULL
oa	offapi\com\sun\star\util			nmake	-	all oa_cssutil NULL
oa	offapi\com\sun\star\xml\dom			nmake   -   all oa_cssxmldom NULL
oa	offapi\com\sun\star\xml\sax			nmake	-	all oa_cssxmlsax NULL
